<html>
<body>
<pre>
<h1>礦ision Build Log</h1>
<h2>Tool Versions:</h2>
IDE-Version: μVision V5.14.0.0
Copyright (C) 2015 ARM Ltd and ARM Germany GmbH. All rights reserved.
License Information: sa snowman, as, LIC=1WSEV-PZ1S7-NSHYQ-NYS8V-4TU5Q-JH30S
 
Tool Versions:
Toolchain:       MDK-ARM Professional  Version: 5.14.0.0
Toolchain Path:  D:\Keil_v5\ARM\ARMCC\Bin
C Compiler:      Armcc.exe V5.05 update 1 (build 106)
Assembler:       Armasm.exe V5.05 update 1 (build 106)
Linker/Locator:  ArmLink.exe V5.05 update 1 (build 106)
Library Manager: ArmAr.exe V5.05 update 1 (build 106)
Hex Converter:   FromElf.exe V5.05 update 1 (build 106)
CPU DLL:         SARMCM3.DLL V5.14.0.0
Dialog DLL:      DARMSTM.DLL V1.65.0.0
Target DLL:      CMSIS_AGDI.dll V1.21.0.0
Dialog DLL:      TARMSTM.DLL V1.64.0.0
 
<h2>Project:</h2>
D:\keil5Projects\32单片机连接wifi连接socketserver+摄像头\Project\RVMDK（uv5）\iSO-STM32.uvprojx
Project File Date:  05/17/2020

<h2>Output:</h2>
Rebuild target 'WF-ESP8266'
assembling startup_stm32f10x_hd.s...
compiling core_cm3.c...
compiling system_stm32f10x.c...
compiling misc.c...
compiling stm32f10x_adc.c...
compiling stm32f10x_bkp.c...
compiling stm32f10x_can.c...
compiling stm32f10x_cec.c...
compiling stm32f10x_crc.c...
compiling stm32f10x_dac.c...
compiling stm32f10x_dbgmcu.c...
compiling stm32f10x_dma.c...
compiling stm32f10x_exti.c...
compiling stm32f10x_flash.c...
compiling stm32f10x_fsmc.c...
compiling stm32f10x_gpio.c...
compiling stm32f10x_i2c.c...
compiling stm32f10x_iwdg.c...
compiling stm32f10x_pwr.c...
compiling stm32f10x_rcc.c...
compiling stm32f10x_rtc.c...
compiling stm32f10x_sdio.c...
compiling stm32f10x_spi.c...
compiling stm32f10x_tim.c...
compiling stm32f10x_usart.c...
compiling stm32f10x_wwdg.c...
compiling main.c...
..\..\User\main.c(26): warning:  #177-D: variable "cStr" was declared but never referenced
        char cStr [ 100 ] = { 0 };
..\..\User\main.c(29): warning:  #177-D: variable "temp" was declared but never referenced
        char temp[12];
..\..\User\main.c: 2 warnings, 0 errors
compiling stm32f10x_it.c...
compiling bsp_SysTick.c...
compiling bsp_esp8266.c...
compiling Common.c...
compiling bsp_ili9341_lcd.c...
compiling fonts.c...
compiling bsp_ov7725.c...
compiling bsp_sccb.c...
compiling bsp_led.c...
linking...
Program Size: Code=15314 RO-data=15538 RW-data=248 ZI-data=2088  
FromELF: creating hex file...
"..\..\Output\Template.axf" - 0 Error(s), 2 Warning(s).

<h2>Collection of Component include folders:</h2>
  D:\keil5Projects\32单片机连接wifi连接socketserver+摄像头\Project\RVMDK（uv5）\RTE
  D:\Keil_v5\ARM\PACK\Keil\STM32F1xx_DFP\1.0.5\Device\Include

<h2>Collection of Component Files used:</h2>
</pre>
</body>
</html>
